../Core/Src/main.c:234:5:main	88	static
../Core/Src/main.c:374:6:SystemClock_Config	88	static
../Core/Src/main.c:419:6:PeriphCommonClock_Config	24	static
../Core/Src/main.c:441:6:HAL_I2S_RxHalfCpltCallback	16	static
../Core/Src/main.c:470:6:HAL_I2S_RxCpltCallback	16	static
../Core/Src/main.c:500:6:pdm_to_pcm	56	static
../Core/Src/main.c:519:6:display_menu	48	static
../Core/Src/main.c:571:6:change_option	32	static
../Core/Src/main.c:612:6:change_value_of_option	32	static
../Core/Src/main.c:651:6:display_option	48	static
../Core/Src/main.c:702:6:draw_frame	32	static
../Core/Src/main.c:718:6:create_file_name	24	static
../Core/Src/main.c:729:6:start_recording	8	static
../Core/Src/main.c:751:6:end_recording	8	static
../Core/Src/main.c:770:6:fft_start	8	static
../Core/Src/main.c:822:6:fft_compute	8216	static
../Core/Src/main.c:848:6:fft_display	4120	static
../Core/Src/main.c:882:6:spectrogram_start	32	static
../Core/Src/main.c:945:6:spectrogram_display	4144	static
../Core/Src/main.c:991:6:display_freq_range	40	static
../Core/Src/main.c:1004:6:display_mag_range	40	static
../Core/Src/main.c:1020:6:calc_scale	24	static
../Core/Src/main.c:1058:6:hsv_to_rgb	24	static
../Core/Src/main.c:1108:10:wave_process_header_init	16	static
../Core/Src/main.c:1193:10:wave_process_enc_init	16	static
../Core/Src/main.c:1220:10:wave_process_header_update	16	static
../Core/Src/main.c:1244:6:Error_Handler	4	static,ignoring_inline_asm
